Archive member included to satisfy reference by file (symbol)

c:\Users\Dewe\Downloads\ch585-main\ch585-main\EVT\EXAM\SRC\StdPeriphDriver\libISP585.a(ISP585.o)
                              ./StdPeriphDriver/CH58x_flash.o (FLASH_EEPROM_CMD)
c:\Users\Dewe\Downloads\ch585-main\ch585-main\EVT\EXAM\BLE\LIB\libCH58xBLE.a(message.o)
                              ./HAL/MCU.o (tmos_msg_deallocate)
c:\Users\Dewe\Downloads\ch585-main\ch585-main\EVT\EXAM\BLE\LIB\libCH58xBLE.a(tmos.o)
                              ./HAL/MCU.o (tmos_memcpy)
c:\Users\Dewe\Downloads\ch585-main\ch585-main\EVT\EXAM\BLE\LIB\libCH58xBLE.a(tmos_hw.o)
                              c:\Users\Dewe\Downloads\ch585-main\ch585-main\EVT\EXAM\BLE\LIB\libCH58xBLE.a(tmos.o) (bleClock_t)
c:\Users\Dewe\Downloads\ch585-main\ch585-main\EVT\EXAM\BLE\LIB\libCH58xBLE.a(tmos_snv.o)
                              c:\Users\Dewe\Downloads\ch585-main\ch585-main\EVT\EXAM\BLE\LIB\libCH58xBLE.a(tmos.o) (tmos_snv_init)
c:\Users\Dewe\Downloads\ch585-main\ch585-main\EVT\EXAM\BLE\LIB\libCH58xBLE.a(rf_fh.o)
                              c:\Users\Dewe\Downloads\ch585-main\ch585-main\EVT\EXAM\BLE\LIB\libCH58xBLE.a(tmos.o) (rfInfo)
c:\Users\Dewe\Downloads\ch585-main\ch585-main\EVT\EXAM\BLE\LIB\libCH58xBLE.a(ll.o)
                              c:\Users\Dewe\Downloads\ch585-main\ch585-main\EVT\EXAM\BLE\LIB\libCH58xBLE.a(tmos.o) (gBleLlPara)
c:\Users\Dewe\Downloads\ch585-main\ch585-main\EVT\EXAM\BLE\LIB\libCH58xBLE.a(ll_advertise.o)
                              c:\Users\Dewe\Downloads\ch585-main\ch585-main\EVT\EXAM\BLE\LIB\libCH58xBLE.a(ll.o) (LL_AdvertiseEventRegister)
c:\Users\Dewe\Downloads\ch585-main\ch585-main\EVT\EXAM\BLE\LIB\libCH58xBLE.a(ll_connect.o)
                              c:\Users\Dewe\Downloads\ch585-main\ch585-main\EVT\EXAM\BLE\LIB\libCH58xBLE.a(ll.o) (LL_ConnectEventRegister)
c:\Users\Dewe\Downloads\ch585-main\ch585-main\EVT\EXAM\BLE\LIB\libCH58xBLE.a(ll_core.o)
                              c:\Users\Dewe\Downloads\ch585-main\ch585-main\EVT\EXAM\BLE\LIB\libCH58xBLE.a(ll_advertise.o) (LL_CoreGetCore)
c:\Users\Dewe\Downloads\ch585-main\ch585-main\EVT\EXAM\BLE\LIB\libCH58xBLE.a(ll_hop.o)
                              c:\Users\Dewe\Downloads\ch585-main\ch585-main\EVT\EXAM\BLE\LIB\libCH58xBLE.a(ll_connect.o) (LL_HopGetChannel)
c:\Users\Dewe\Downloads\ch585-main\ch585-main\EVT\EXAM\BLE\LIB\libCH58xBLE.a(ll_master.o)
                              c:\Users\Dewe\Downloads\ch585-main\ch585-main\EVT\EXAM\BLE\LIB\libCH58xBLE.a(ll_connect.o) (pfnMasterHandle)
c:\Users\Dewe\Downloads\ch585-main\ch585-main\EVT\EXAM\BLE\LIB\libCH58xBLE.a(ll_pdu.o)
                              c:\Users\Dewe\Downloads\ch585-main\ch585-main\EVT\EXAM\BLE\LIB\libCH58xBLE.a(ll_master.o) (LL_ConnectionUpdateInd)
c:\Users\Dewe\Downloads\ch585-main\ch585-main\EVT\EXAM\BLE\LIB\libCH58xBLE.a(ll_report.o)
                              c:\Users\Dewe\Downloads\ch585-main\ch585-main\EVT\EXAM\BLE\LIB\libCH58xBLE.a(ll.o) (LL_ProcessTMOSReportMsg)
c:\Users\Dewe\Downloads\ch585-main\ch585-main\EVT\EXAM\BLE\LIB\libCH58xBLE.a(ll_resolvinglist.o)
                              c:\Users\Dewe\Downloads\ch585-main\ch585-main\EVT\EXAM\BLE\LIB\libCH58xBLE.a(ll_advertise.o) (ll_resolvinglist_checkRPA)
c:\Users\Dewe\Downloads\ch585-main\ch585-main\EVT\EXAM\BLE\LIB\libCH58xBLE.a(ll_scan.o)
                              c:\Users\Dewe\Downloads\ch585-main\ch585-main\EVT\EXAM\BLE\LIB\libCH58xBLE.a(ll_master.o) (LL_ScanEnable)
c:\Users\Dewe\Downloads\ch585-main\ch585-main\EVT\EXAM\BLE\LIB\libCH58xBLE.a(ll_slave.o)
                              c:\Users\Dewe\Downloads\ch585-main\ch585-main\EVT\EXAM\BLE\LIB\libCH58xBLE.a(ll_connect.o) (pfnSlaveHandle)
c:\Users\Dewe\Downloads\ch585-main\ch585-main\EVT\EXAM\BLE\LIB\libCH58xBLE.a(ll_sync.o)
                              c:\Users\Dewe\Downloads\ch585-main\ch585-main\EVT\EXAM\BLE\LIB\libCH58xBLE.a(ll_scan.o) (debug_periodic_tmp)
c:\Users\Dewe\Downloads\ch585-main\ch585-main\EVT\EXAM\BLE\LIB\libCH58xBLE.a(ll_whitelist.o)
                              c:\Users\Dewe\Downloads\ch585-main\ch585-main\EVT\EXAM\BLE\LIB\libCH58xBLE.a(ll_advertise.o) (LL_WhitelistLookup)
c:\Users\Dewe\Downloads\ch585-main\ch585-main\EVT\EXAM\BLE\LIB\libCH58xBLE.a(ble_task_process.o)
                              ./HAL/MCU.o (LLE_IRQLibHandler)
c:\Users\Dewe\Downloads\ch585-main\ch585-main\EVT\EXAM\BLE\LIB\libCH58xBLE.a(aes.o)
                              c:\Users\Dewe\Downloads\ch585-main\ch585-main\EVT\EXAM\BLE\LIB\libCH58xBLE.a(ll_resolvinglist.o) (AES_DevAESEnc)
c:\Users\Dewe\Downloads\ch585-main\ch585-main\EVT\EXAM\BLE\LIB\libCH58xBLE.a(bb.o)
                              c:\Users\Dewe\Downloads\ch585-main\ch585-main\EVT\EXAM\BLE\LIB\libCH58xBLE.a(rf_fh.o) (gptrBBReg)
c:\Users\Dewe\Downloads\ch585-main\ch585-main\EVT\EXAM\BLE\LIB\libCH58xBLE.a(ip.o)
                              c:\Users\Dewe\Downloads\ch585-main\ch585-main\EVT\EXAM\BLE\LIB\libCH58xBLE.a(tmos.o) (gBleIPPara)
[...]
Memory Configuration

Name             Origin             Length             Attributes
FLASH            0x0000000000000000 0x0000000000070000 xr
RAM              0x0000000020000000 0x0000000000020000 xrw
*default*        0x0000000000000000 0xffffffffffffffff

Linker script and memory map

LOAD ./User/UART.o
LOAD ./User/ch585_usbhs_device.o
LOAD ./User/main.o
LOAD ./User/usb_desc.o
LOAD ./StdPeriphDriver/CH58x_adc.o
LOAD ./StdPeriphDriver/CH58x_clk.o
LOAD ./StdPeriphDriver/CH58x_flash.o
LOAD ./StdPeriphDriver/CH58x_gpio.o
LOAD ./StdPeriphDriver/CH58x_i2c.o
LOAD ./StdPeriphDriver/CH58x_lcd.o
LOAD ./StdPeriphDriver/CH58x_pwm.o
LOAD ./StdPeriphDriver/CH58x_pwr.o
LOAD ./StdPeriphDriver/CH58x_spi0.o
LOAD ./StdPeriphDriver/CH58x_spi1.o
LOAD ./StdPeriphDriver/CH58x_sys.o
LOAD ./StdPeriphDriver/CH58x_timer0.o
LOAD ./StdPeriphDriver/CH58x_timer1.o
LOAD ./StdPeriphDriver/CH58x_timer2.o
LOAD ./StdPeriphDriver/CH58x_timer3.o
LOAD ./StdPeriphDriver/CH58x_uart0.o
LOAD ./StdPeriphDriver/CH58x_uart1.o
LOAD ./StdPeriphDriver/CH58x_uart2.o
LOAD ./StdPeriphDriver/CH58x_uart3.o
LOAD ./StdPeriphDriver/CH58x_usbdev.o
LOAD ./StdPeriphDriver/CH58x_usbhostBase.o
LOAD ./StdPeriphDriver/CH58x_usbhostClass.o
LOAD ./Startup/startup_CH585.o
LOAD ./LIB/ble_task_scheduler.o
LOAD ./HAL/KEY.o
LOAD ./HAL/LED.o
LOAD ./HAL/MCU.o
LOAD ./HAL/RTC.o
LOAD ./HAL/SLEEP.o
LOAD c:\Users\Dewe\Downloads\ch585-main\ch585-main\EVT\EXAM\SRC\StdPeriphDriver\libISP585.a
LOAD c:\Users\Dewe\Downloads\ch585-main\ch585-main\EVT\EXAM\BLE\LIB\libCH58xBLE.a
LOAD c:/mounriver/mounriver_studio2/resources/app/resources/win32/components/wch/toolchain/risc-v embedded gcc12/bin/../lib/gcc/riscv-wch-elf/12.2.0/../../../../riscv-wch-elf/lib/rv32imc_zba_zbb_zbc_zbs/ilp32\libm_nano.a
LOAD c:/mounriver/mounriver_studio2/resources/app/resources/win32/components/wch/toolchain/risc-v embedded gcc12/bin/../lib/gcc/riscv-wch-elf/12.2.0/../../../../riscv-wch-elf/lib/rv32imc_zba_zbb_zbc_zbs/ilp32\libprintf.a
LOAD c:/mounriver/mounriver_studio2/resources/app/resources/win32/components/wch/toolchain/risc-v embedded gcc12/bin/../lib/gcc/riscv-wch-elf/12.2.0/rv32imc_zba_zbb_zbc_zbs/ilp32\libgcc.a
LOAD c:/mounriver/mounriver_studio2/resources/app/resources/win32/components/wch/toolchain/risc-v embedded gcc12/bin/../lib/gcc/riscv-wch-elf/12.2.0/../../../../riscv-wch-elf/lib/rv32imc_zba_zbb_zbc_zbs/ilp32\libg_nano.a
LOAD c:/mounriver/mounriver_studio2/resources/app/resources/win32/components/wch/toolchain/risc-v embedded gcc12/bin/../lib/gcc/riscv-wch-elf/12.2.0/../../../../riscv-wch-elf/lib/rv32imc_zba_zbb_zbc_zbs/ilp32\libc_nano.a
LOAD c:/mounriver/mounriver_studio2/resources/app/resources/win32/components/wch/toolchain/risc-v embedded gcc12/bin/../lib/gcc/riscv-wch-elf/12.2.0/rv32imc_zba_zbb_zbc_zbs/ilp32\libgcc.a
START GROUP
LOAD c:/mounriver/mounriver_studio2/resources/app/resources/win32/components/wch/toolchain/risc-v embedded gcc12/bin/../lib/gcc/riscv-wch-elf/12.2.0/rv32imc_zba_zbb_zbc_zbs/ilp32\libgcc.a
LOAD c:/mounriver/mounriver_studio2/resources/app/resources/win32/components/wch/toolchain/risc-v embedded gcc12/bin/../lib/gcc/riscv-wch-elf/12.2.0/../../../../riscv-wch-elf/lib/rv32imc_zba_zbb_zbc_zbs/ilp32\libc_nano.a
LOAD c:/mounriver/mounriver_studio2/resources/app/resources/win32/components/wch/toolchain/risc-v embedded gcc12/bin/../lib/gcc/riscv-wch-elf/12.2.0/../../../../riscv-wch-elf/lib/rv32imc_zba_zbb_zbc_zbs/ilp32\libnosys.a
END GROUP
START GROUP
LOAD c:/mounriver/mounriver_studio2/resources/app/resources/win32/components/wch/toolchain/risc-v embedded gcc12/bin/../lib/gcc/riscv-wch-elf/12.2.0/rv32imc_zba_zbb_zbc_zbs/ilp32\libgcc.a
LOAD c:/mounriver/mounriver_studio2/resources/app/resources/win32/components/wch/toolchain/risc-v embedded gcc12/bin/../lib/gcc/riscv-wch-elf/12.2.0/../../../../riscv-wch-elf/lib/rv32imc_zba_zbb_zbc_zbs/ilp32\libc_nano.a
LOAD c:/mounriver/mounriver_studio2/resources/app/resources/win32/components/wch/toolchain/risc-v embedded gcc12/bin/../lib/gcc/riscv-wch-elf/12.2.0/../../../../riscv-wch-elf/lib/rv32imc_zba_zbb_zbc_zbs/ilp32\libnosys.a
END GROUP

.init           0x0000000000000000        0x4
                0x0000000000000000                _sinit = .
                0x0000000000000000                . = ALIGN (0x4)
 *(SORT_NONE(.init))
 .init          0x0000000000000000        0x4 ./Startup/startup_CH585.o
                0x0000000000000000                _start
                0x0000000000000004                . = ALIGN (0x4)
                0x0000000000000004                _einit = .

.highcode_initlalign
                0x0000000000000004        0x0
                0x0000000000000004                . = ALIGN (0x4)
                0x0000000000000004                PROVIDE (_highcode_init_lma = .)

.highcode_init  0x0000000020000000      0x208 load address 0x0000000000000004
                0x0000000020000000                PROVIDE (_highcode_init_vma_start = .)
                0x0000000020000000                . = ALIGN (0x400)
 *(.vector)
 .vector        0x0000000020000000       0xa0 ./Startup/startup_CH585.o
                0x0000000020000000                _vector_base
 *(SORT_NONE(.vector_handler))
 .vector_handler
                0x00000000200000a0        0x2 ./Startup/startup_CH585.o
                0x00000000200000a0                NFC_IRQHandler
                0x00000000200000a0                GPIOB_IRQHandler
                0x00000000200000a0                GPIOA_IRQHandler
                0x00000000200000a0                NMI_Handler
                0x00000000200000a0                UART1_IRQHandler
                0x00000000200000a0                UART0_IRQHandler
                0x00000000200000a0                BB_IRQHandler
                0x00000000200000a0                Break_Point_Handler
                0x00000000200000a0                TMR0_IRQHandler
                0x00000000200000a0                LED_IRQHandler
                0x00000000200000a0                UART2_IRQHandler
                0x00000000200000a0                ADC_IRQHandler
                0x00000000200000a0                TMR2_IRQHandler
                0x00000000200000a0                USB_IRQHandler
                0x00000000200000a0                I2C_IRQHandler
                0x00000000200000a0                WDOG_BAT_IRQHandler
                0x00000000200000a0                TMR3_IRQHandler
                0x00000000200000a0                SW_Handler
                0x00000000200000a0                SPI0_IRQHandler
                0x00000000200000a0                USB2_HOST_IRQHandler
                0x00000000200000a0                PWMX_SPI1_IRQHandler
                0x00000000200000a0                UART3_IRQHandler
                0x00000000200000a0                TMR1_IRQHandler
 *(.highcode_init)
 .highcode_init
                0x00000000200000a2       0xbc ./StdPeriphDriver/CH58x_sys.o
                0x00000000200000a2                highcode_init
 .highcode_init
                0x000000002000015e       0xaa ./Startup/startup_CH585.o
 *(.highcode_init.*)
                0x0000000020000208                . = ALIGN (0x4)
                0x0000000020000208                PROVIDE (_highcode_init_vma_end = .)

.highcodelalign
                0x000000000000020c        0x0
                0x000000000000020c                . = ALIGN (0x4)
                0x000000000000020c                PROVIDE (_highcode_lma = .)

.highcode       0x0000000020000208     0x1950 load address 0x000000000000020c
                0x0000000020000208                . = ALIGN (0x4)
                0x0000000020000208                PROVIDE (_highcode_vma_start = .)
 *(.highcode)
 .highcode      0x0000000020000208       0xbe ./User/UART.o
                0x0000000020000208                UART2_DataTx_Deal
                0x0000000020000250                USB_CDC_Send
 .highcode      0x00000000200002c6      0x846 ./User/ch585_usbhs_device.o
                0x00000000200002c6                USB2_DEVICE_IRQHandler
 .highcode      0x0000000020000b0c      0x560 ./User/main.o
                0x0000000020000b0c                App_CDC_ByteFromHost
                0x0000000020001042                SysTick_Handler
 .highcode      0x000000002000106c      0x3a4 ./StdPeriphDriver/CH58x_sys.o
                0x000000002000106c                MachineMode_Call_IRQ
                0x0000000020001088                SetSysClock
                0x0000000020001258                MachineMode_Call
                0x00000000200012c4                SYS_ResetExecute
                0x0000000020001326                SYS_DisableAllIrq
                0x0000000020001342                SYS_RecoverIrq
                0x0000000020001356                HardFault_Handler
                0x00000000200013d6                mDelayuS
                0x00000000200013e6                mDelaymS
                0x0000000020001406                __wrap_memcpy
 .highcode      0x0000000020001410       0x4e ./LIB/ble_task_scheduler.o
                0x0000000020001410                Ecall_U_Mode_Handler
                0x0000000020001410                Ecall_M_Mode_Handler
 .highcode      0x000000002000145e       0x80 ./HAL/RTC.o
                0x0000000020001484                RTC_SetTignTime
                0x00000000200014c8                RTC_IRQHandler
 *(.highcode.*)
 *fill*         0x00000000200014de        0x2 
 .highcode.LLE_IRQHandler
                0x00000000200014e0       0x86 ./LIB/ble_task_scheduler.o
                0x00000000200014e0                LLE_IRQHandler
 .highcode.FLASH_ROM_BEG
                0x0000000020001566       0x12 c:\Users\Dewe\Downloads\ch585-main\ch585-main\EVT\EXAM\SRC\StdPeriphDriver\libISP585.a(ISP585.o)
                0x0000000020001566                FLASH_ROM_BEG
 .highcode.FLASH_ROM_END
                0x0000000020001578        0xe c:\Users\Dewe\Downloads\ch585-main\ch585-main\EVT\EXAM\SRC\StdPeriphDriver\libISP585.a(ISP585.o)
                0x0000000020001578                FLASH_ROM_END
 .highcode.FLASH_ROM_IN
                0x0000000020001586        0xe c:\Users\Dewe\Downloads\ch585-main\ch585-main\EVT\EXAM\SRC\StdPeriphDriver\libISP585.a(ISP585.o)
                0x0000000020001586                FLASH_ROM_IN
 .highcode.FLASH_ROM_OUT
                0x0000000020001594        0xe c:\Users\Dewe\Downloads\ch585-main\ch585-main\EVT\EXAM\SRC\StdPeriphDriver\libISP585.a(ISP585.o)
                0x0000000020001594                FLASH_ROM_OUT
 .highcode.FLASH_ROM_ADDR
                0x00000000200015a2       0x48 c:\Users\Dewe\Downloads\ch585-main\ch585-main\EVT\EXAM\SRC\StdPeriphDriver\libISP585.a(ISP585.o)
                0x00000000200015a2                FLASH_ROM_ADDR
 .highcode.FLASH_ROM_WAIT
                0x00000000200015ea       0x38 c:\Users\Dewe\Downloads\ch585-main\ch585-main\EVT\EXAM\SRC\StdPeriphDriver\libISP585.a(ISP585.o)
                0x00000000200015ea                FLASH_ROM_WAIT
 .highcode.FLASH_EEPROM_CMD
                0x0000000020001622      0x318 c:\Users\Dewe\Downloads\ch585-main\ch585-main\EVT\EXAM\SRC\StdPeriphDriver\libISP585.a(ISP585.o)
                0x0000000020001622                FLASH_EEPROM_CMD
 *(.highcode_lp)
 .highcode_lp   0x000000002000193a      0x21c c:\Users\Dewe\Downloads\ch585-main\ch585-main\EVT\EXAM\BLE\LIB\libCH58xBLE.a(ip.o)
                0x000000002000193a                BLE_CheckChannel
                0x0000000020001a08                ble_ll_hw_api_shut
                0x0000000020001a82                phy_status_clear
 *(.highcode_lp.*)
                0x0000000020001b58                . = ALIGN (0x4)
 *fill*         0x0000000020001b56        0x2 
                0x0000000020001b58                PROVIDE (_highcode_vma_end = .)

.text           0x0000000000001b5c     0x2220
                0x0000000000001b5c                . = ALIGN (0x4)
 *(SORT_NONE(.handle_reset))
 .handle_reset  0x0000000000001b5c       0x42 ./Startup/startup_CH585.o
                0x0000000000001b5c                handle_reset
 *(.text)
 .text          0x0000000000001b9e       0x60 c:/mounriver/mounriver_studio2/resources/app/resources/win32/components/wch/toolchain/risc-v embedded gcc12/bin/../lib/gcc/riscv-wch-elf/12.2.0/rv32imc_zba_zbb_zbc_zbs/ilp32\libgcc.a(save-restore.o)
                0x0000000000001b9e                __riscv_save_12
                0x0000000000001ba6                __riscv_save_9
                0x0000000000001ba6                __riscv_save_11
                0x0000000000001ba6                __riscv_save_10
                0x0000000000001ba6                __riscv_save_8
                0x0000000000001bb4                __riscv_save_4
                0x0000000000001bb4                __riscv_save_6
                0x0000000000001bb4                __riscv_save_5
                0x0000000000001bb4                __riscv_save_7
                0x0000000000001bce                __riscv_save_3
                0x0000000000001bce                __riscv_save_2
                0x0000000000001bce                __riscv_save_1
                0x0000000000001bce                __riscv_save_0
                0x0000000000001bda                __riscv_restore_12
                0x0000000000001bde                __riscv_restore_11
                0x0000000000001bde                __riscv_restore_9
                0x0000000000001bde                __riscv_restore_10
                0x0000000000001bde                __riscv_restore_8
                0x0000000000001be8                __riscv_restore_5
                0x0000000000001be8                __riscv_restore_7
                0x0000000000001be8                __riscv_restore_6
                0x0000000000001be8                __riscv_restore_4
                0x0000000000001bf2                __riscv_restore_3
                0x0000000000001bf2                __riscv_restore_0
                0x0000000000001bf2                __riscv_restore_2
                0x0000000000001bf2                __riscv_restore_1
 .text          0x0000000000001bfe       0x16 c:/mounriver/mounriver_studio2/resources/app/resources/win32/components/wch/toolchain/risc-v embedded gcc12/bin/../lib/gcc/riscv-wch-elf/12.2.0/../../../../riscv-wch-elf/lib/rv32imc_zba_zbb_zbc_zbs/ilp32\libg_nano.a(lib_a-memcpy-asm.o)
                0x0000000000001bfe                memcpy
 *(.text.*)
 .text.UART2_ParaInit
                0x0000000000001c14       0x3e ./User/UART.o
                0x0000000000001c14                UART2_ParaInit
 .text.UART2_Init
                0x0000000000001c52        0x2 ./User/UART.o
                0x0000000000001c52                UART2_Init
 .text.UART2_USB_Init
                0x0000000000001c54       0x30 ./User/UART.o
                0x0000000000001c54                UART2_USB_Init
 .text.USB_TestMode_Deal
                0x0000000000001c84       0xd0 ./User/ch585_usbhs_device.o
                0x0000000000001c84                USB_TestMode_Deal
 .text.USBHS_Device_Endp_Init
                0x0000000000001d54       0x7c ./User/ch585_usbhs_device.o
                0x0000000000001d54                USBHS_Device_Endp_Init
 .text.USBHS_Device_Init
                0x0000000000001dd0       0x92 ./User/ch585_usbhs_device.o
                0x0000000000001dd0                USBHS_Device_Init
 .text.startup.main
                0x0000000000001e62       0x8a ./User/main.o
                0x0000000000001e62                main
 .text.HSECFG_Capacitance
                0x0000000000001eec       0x50 ./StdPeriphDriver/CH58x_clk.o
                0x0000000000001eec                HSECFG_Capacitance
 .text.GPIOA_ModeCfg
                0x0000000000001f3c       0x7e ./StdPeriphDriver/CH58x_gpio.o
                0x0000000000001f3c                GPIOA_ModeCfg
 .text.GPIOB_ModeCfg
                0x0000000000001fba       0x7e ./StdPeriphDriver/CH58x_gpio.o
                0x0000000000001fba                GPIOB_ModeCfg
 .text.PWMX_16bit_CycleCfg
                0x0000000000002038       0x18 ./StdPeriphDriver/CH58x_pwm.o
                0x0000000000002038                PWMX_16bit_CycleCfg
 .text.PWMX_16bit_ACTOUT
                0x0000000000002050       0x68 ./StdPeriphDriver/CH58x_pwm.o
                0x0000000000002050                PWMX_16bit_ACTOUT
 .text.PWR_DCDCCfg
                0x00000000000020b8      0x104 ./StdPeriphDriver/CH58x_pwr.o
                0x00000000000020b8                PWR_DCDCCfg
 .text.GetSysClock
                0x00000000000021bc       0x80 ./StdPeriphDriver/CH58x_sys.o
                0x00000000000021bc                GetSysClock
 .text._write   0x000000000000223c       0x28 ./StdPeriphDriver/CH58x_sys.o
                0x000000000000223c                _write
 .text._sbrk    0x0000000000002264       0x2c ./StdPeriphDriver/CH58x_sys.o
                0x0000000000002264                _sbrk
 .text.AES_DevAESEnc
                0x0000000000002290      0x178 c:\Users\Dewe\Downloads\ch585-main\ch585-main\EVT\EXAM\BLE\LIB\libCH58xBLE.a(aes.o)
                0x0000000000002290                AES_DevAESEnc
 .text.LL_Encrypt
                0x0000000000002408       0x34 c:\Users\Dewe\Downloads\ch585-main\ch585-main\EVT\EXAM\BLE\LIB\libCH58xBLE.a(aes.o)
                0x0000000000002408                LL_Encrypt
 .text.printchar
                0x000000000000243c       0x4a c:/mounriver/mounriver_studio2/resources/app/resources/win32/components/wch/toolchain/risc-v embedded gcc12/bin/../lib/gcc/riscv-wch-elf/12.2.0/../../../../riscv-wch-elf/lib/rv32imc_zba_zbb_zbc_zbs/ilp32\libprintf.a(wchprintf.o)
                0x000000000000243c                printchar
 .text.prints   0x0000000000002486       0xe0 c:/mounriver/mounriver_studio2/resources/app/resources/win32/components/wch/toolchain/risc-v embedded gcc12/bin/../lib/gcc/riscv-wch-elf/12.2.0/../../../../riscv-wch-elf/lib/rv32imc_zba_zbb_zbc_zbs/ilp32\libprintf.a(wchprintf.o)
                0x0000000000002486                prints
 .text.printInt
                0x0000000000002566       0xea c:/mounriver/mounriver_studio2/resources/app/resources/win32/components/wch/toolchain/risc-v embedded gcc12/bin/../lib/gcc/riscv-wch-elf/12.2.0/../../../../riscv-wch-elf/lib/rv32imc_zba_zbb_zbc_zbs/ilp32\libprintf.a(wchprintf.o)
                0x0000000000002566                printInt
 .text.printLongLongInt
                0x0000000000002650        0x4 c:/mounriver/mounriver_studio2/resources/app/resources/win32/components/wch/toolchain/risc-v embedded gcc12/bin/../lib/gcc/riscv-wch-elf/12.2.0/../../../../riscv-wch-elf/lib/rv32imc_zba_zbb_zbc_zbs/ilp32\libprintf.a(wchprintf.o)
                0x0000000000002650                printLongLongInt
 .text.printDouble
                0x0000000000002654        0x4 c:/mounriver/mounriver_studio2/resources/app/resources/win32/components/wch/toolchain/risc-v embedded gcc12/bin/../lib/gcc/riscv-wch-elf/12.2.0/../../../../riscv-wch-elf/lib/rv32imc_zba_zbb_zbc_zbs/ilp32\libprintf.a(wchprintf.o)
                0x0000000000002654                printDouble
 .text.print    0x0000000000002658      0x356 c:/mounriver/mounriver_studio2/resources/app/resources/win32/components/wch/toolchain/risc-v embedded gcc12/bin/../lib/gcc/riscv-wch-elf/12.2.0/../../../../riscv-wch-elf/lib/rv32imc_zba_zbb_zbc_zbs/ilp32\libprintf.a(wchprintf.o)
                0x0000000000002658                print
 .text.sprintf  0x00000000000029ae       0x26 c:/mounriver/mounriver_studio2/resources/app/resources/win32/components/wch/toolchain/risc-v embedded gcc12/bin/../lib/gcc/riscv-wch-elf/12.2.0/../../../../riscv-wch-elf/lib/rv32imc_zba_zbb_zbc_zbs/ilp32\libprintf.a(wchprintf.o)
                0x00000000000029ae                sprintf
 .text.sscanf   0x00000000000029d4       0x54 c:/mounriver/mounriver_studio2/resources/app/resources/win32/components/wch/toolchain/risc-v embedded gcc12/bin/../lib/gcc/riscv-wch-elf/12.2.0/../../../../riscv-wch-elf/lib/rv32imc_zba_zbb_zbc_zbs/ilp32\libg_nano.a(lib_a-sscanf.o)
                0x00000000000029d4                siscanf
                0x00000000000029d4                sscanf
 .text.__seofread
                0x0000000000002a28        0x4 c:/mounriver/mounriver_studio2/resources/app/resources/win32/components/wch/toolchain/risc-v embedded gcc12/bin/../lib/gcc/riscv-wch-elf/12.2.0/../../../../riscv-wch-elf/lib/rv32imc_zba_zbb_zbc_zbs/ilp32\libg_nano.a(lib_a-stdio.o)
                0x0000000000002a28                __seofread
 .text.strcpy   0x0000000000002a2c       0x12 c:/mounriver/mounriver_studio2/resources/app/resources/win32/components/wch/toolchain/risc-v embedded gcc12/bin/../lib/gcc/riscv-wch-elf/12.2.0/../../../../riscv-wch-elf/lib/rv32imc_zba_zbb_zbc_zbs/ilp32\libg_nano.a(lib_a-strcpy.o)
                0x0000000000002a2c                strcpy
 .text.strlen   0x0000000000002a3e       0x12 c:/mounriver/mounriver_studio2/resources/app/resources/win32/components/wch/toolchain/risc-v embedded gcc12/bin/../lib/gcc/riscv-wch-elf/12.2.0/../../../../riscv-wch-elf/lib/rv32imc_zba_zbb_zbc_zbs/ilp32\libg_nano.a(lib_a-strlen.o)
                0x0000000000002a3e                strlen
 .text.strncmp  0x0000000000002a50       0x2c c:/mounriver/mounriver_studio2/resources/app/resources/win32/components/wch/toolchain/risc-v embedded gcc12/bin/../lib/gcc/riscv-wch-elf/12.2.0/../../../../riscv-wch-elf/lib/rv32imc_zba_zbb_zbc_zbs/ilp32\libg_nano.a(lib_a-strncmp.o)
                0x0000000000002a50                strncmp
 .text._sungetc_r
                0x0000000000002a7c       0x94 c:/mounriver/mounriver_studio2/resources/app/resources/win32/components/wch/toolchain/risc-v embedded gcc12/bin/../lib/gcc/riscv-wch-elf/12.2.0/../../../../riscv-wch-elf/lib/rv32imc_zba_zbb_zbc_zbs/ilp32\libg_nano.a(lib_a-nano-svfscanf.o)
                0x0000000000002a7c                _sungetc_r
 .text.__ssrefill_r
                0x0000000000002b10       0x48 c:/mounriver/mounriver_studio2/resources/app/resources/win32/components/wch/toolchain/risc-v embedded gcc12/bin/../lib/gcc/riscv-wch-elf/12.2.0/../../../../riscv-wch-elf/lib/rv32imc_zba_zbb_zbc_zbs/ilp32\libg_nano.a(lib_a-nano-svfscanf.o)
                0x0000000000002b10                __ssrefill_r
 .text.__ssvfscanf_r
                0x0000000000002b58      0x352 c:/mounriver/mounriver_studio2/resources/app/resources/win32/components/wch/toolchain/risc-v embedded gcc12/bin/../lib/gcc/riscv-wch-elf/12.2.0/../../../../riscv-wch-elf/lib/rv32imc_zba_zbb_zbc_zbs/ilp32\libg_nano.a(lib_a-nano-svfscanf.o)
                0x0000000000002b58                __ssvfiscanf_r
                0x0000000000002b58                __ssvfscanf_r
 .text._scanf_chars
                0x0000000000002eaa       0xe4 c:/mounriver/mounriver_studio2/resources/app/resources/win32/components/wch/toolchain/risc-v embedded gcc12/bin/../lib/gcc/riscv-wch-elf/12.2.0/../../../../riscv-wch-elf/lib/rv32imc_zba_zbb_zbc_zbs/ilp32\libg_nano.a(lib_a-nano-vfscanf_i.o)
                0x0000000000002eaa                _scanf_chars
 .text._scanf_i
                0x0000000000002f8e      0x25e c:/mounriver/mounriver_studio2/resources/app/resources/win32/components/wch/toolchain/risc-v embedded gcc12/bin/../lib/gcc/riscv-wch-elf/12.2.0/../../../../riscv-wch-elf/lib/rv32imc_zba_zbb_zbc_zbs/ilp32\libg_nano.a(lib_a-nano-vfscanf_i.o)
                0x0000000000002f8e                _scanf_i
 .text.__sccl   0x00000000000031ec       0xac c:/mounriver/mounriver_studio2/resources/app/resources/win32/components/wch/toolchain/risc-v embedded gcc12/bin/../lib/gcc/riscv-wch-elf/12.2.0/../../../../riscv-wch-elf/lib/rv32imc_zba_zbb_zbc_zbs/ilp32\libg_nano.a(lib_a-sccl.o)
                0x00000000000031ec                __sccl
 .text._strtol_l.constprop.0
                0x0000000000003298      0x144 c:/mounriver/mounriver_studio2/resources/app/resources/win32/components/wch/toolchain/risc-v embedded gcc12/bin/../lib/gcc/riscv-wch-elf/12.2.0/../../../../riscv-wch-elf/lib/rv32imc_zba_zbb_zbc_zbs/ilp32\libg_nano.a(lib_a-strtol.o)
 .text._strtol_r
                0x00000000000033dc        0x2 c:/mounriver/mounriver_studio2/resources/app/resources/win32/components/wch/toolchain/risc-v embedded gcc12/bin/../lib/gcc/riscv-wch-elf/12.2.0/../../../../riscv-wch-elf/lib/rv32imc_zba_zbb_zbc_zbs/ilp32\libg_nano.a(lib_a-strtol.o)
                0x00000000000033dc                _strtol_r
 .text._strtoul_l.constprop.0
                0x00000000000033de      0x118 c:/mounriver/mounriver_studio2/resources/app/resources/win32/components/wch/toolchain/risc-v embedded gcc12/bin/../lib/gcc/riscv-wch-elf/12.2.0/../../../../riscv-wch-elf/lib/rv32imc_zba_zbb_zbc_zbs/ilp32\libg_nano.a(lib_a-strtoul.o)
 .text._strtoul_r
                0x00000000000034f6        0x2 c:/mounriver/mounriver_studio2/resources/app/resources/win32/components/wch/toolchain/risc-v embedded gcc12/bin/../lib/gcc/riscv-wch-elf/12.2.0/../../../../riscv-wch-elf/lib/rv32imc_zba_zbb_zbc_zbs/ilp32\libg_nano.a(lib_a-strtoul.o)
                0x00000000000034f6                _strtoul_r
 .text.__submore
                0x00000000000034f8       0x88 c:/mounriver/mounriver_studio2/resources/app/resources/win32/components/wch/toolchain/risc-v embedded gcc12/bin/../lib/gcc/riscv-wch-elf/12.2.0/../../../../riscv-wch-elf/lib/rv32imc_zba_zbb_zbc_zbs/ilp32\libg_nano.a(lib_a-ungetc.o)
                0x00000000000034f8                __submore
 .text.__errno  0x0000000000003580        0xa c:/mounriver/mounriver_studio2/resources/app/resources/win32/components/wch/toolchain/risc-v embedded gcc12/bin/../lib/gcc/riscv-wch-elf/12.2.0/../../../../riscv-wch-elf/lib/rv32imc_zba_zbb_zbc_zbs/ilp32\libg_nano.a(lib_a-errno.o)
                0x0000000000003580                __errno
 .text.__retarget_lock_acquire_recursive
                0x000000000000358a        0x2 c:/mounriver/mounriver_studio2/resources/app/resources/win32/components/wch/toolchain/risc-v embedded gcc12/bin/../lib/gcc/riscv-wch-elf/12.2.0/../../../../riscv-wch-elf/lib/rv32imc_zba_zbb_zbc_zbs/ilp32\libg_nano.a(lib_a-lock.o)
                0x000000000000358a                __retarget_lock_acquire_recursive
 .text.__retarget_lock_release_recursive
                0x000000000000358c        0x2 c:/mounriver/mounriver_studio2/resources/app/resources/win32/components/wch/toolchain/risc-v embedded gcc12/bin/../lib/gcc/riscv-wch-elf/12.2.0/../../../../riscv-wch-elf/lib/rv32imc_zba_zbb_zbc_zbs/ilp32\libg_nano.a(lib_a-lock.o)
                0x000000000000358c                __retarget_lock_release_recursive
 .text.memchr   0x000000000000358e       0x1a c:/mounriver/mounriver_studio2/resources/app/resources/win32/components/wch/toolchain/risc-v embedded gcc12/bin/../lib/gcc/riscv-wch-elf/12.2.0/../../../../riscv-wch-elf/lib/rv32imc_zba_zbb_zbc_zbs/ilp32\libg_nano.a(lib_a-memchr.o)
                0x000000000000358e                memchr
 .text._free_r  0x00000000000035a8       0x9e c:/mounriver/mounriver_studio2/resources/app/resources/win32/components/wch/toolchain/risc-v embedded gcc12/bin/../lib/gcc/riscv-wch-elf/12.2.0/../../../../riscv-wch-elf/lib/rv32imc_zba_zbb_zbc_zbs/ilp32\libg_nano.a(lib_a-nano-freer.o)
                0x00000000000035a8                _free_r
 .text.sbrk_aligned
                0x0000000000003646       0x54 c:/mounriver/mounriver_studio2/resources/app/resources/win32/components/wch/toolchain/risc-v embedded gcc12/bin/../lib/gcc/riscv-wch-elf/12.2.0/../../../../riscv-wch-elf/lib/rv32imc_zba_zbb_zbc_zbs/ilp32\libg_nano.a(lib_a-nano-mallocr.o)
 .text._malloc_r
                0x000000000000369a      0x102 c:/mounriver/mounriver_studio2/resources/app/resources/win32/components/wch/toolchain/risc-v embedded gcc12/bin/../lib/gcc/riscv-wch-elf/12.2.0/../../../../riscv-wch-elf/lib/rv32imc_zba_zbb_zbc_zbs/ilp32\libg_nano.a(lib_a-nano-mallocr.o)
                0x000000000000369a                _malloc_r
 .text._realloc_r
                0x000000000000379c       0x6e c:/mounriver/mounriver_studio2/resources/app/resources/win32/components/wch/toolchain/risc-v embedded gcc12/bin/../lib/gcc/riscv-wch-elf/12.2.0/../../../../riscv-wch-elf/lib/rv32imc_zba_zbb_zbc_zbs/ilp32\libg_nano.a(lib_a-nano-reallocr.o)
                0x000000000000379c                _realloc_r
 .text._sbrk_r  0x000000000000380a       0x28 c:/mounriver/mounriver_studio2/resources/app/resources/win32/components/wch/toolchain/risc-v embedded gcc12/bin/../lib/gcc/riscv-wch-elf/12.2.0/../../../../riscv-wch-elf/lib/rv32imc_zba_zbb_zbc_zbs/ilp32\libg_nano.a(lib_a-sbrkr.o)
                0x000000000000380a                _sbrk_r
 .text.__malloc_lock
                0x0000000000003832        0x6 c:/mounriver/mounriver_studio2/resources/app/resources/win32/components/wch/toolchain/risc-v embedded gcc12/bin/../lib/gcc/riscv-wch-elf/12.2.0/../../../../riscv-wch-elf/lib/rv32imc_zba_zbb_zbc_zbs/ilp32\libg_nano.a(lib_a-mlock.o)
                0x0000000000003832                __malloc_lock
 .text.__malloc_unlock
                0x0000000000003838        0x6 c:/mounriver/mounriver_studio2/resources/app/resources/win32/components/wch/toolchain/risc-v embedded gcc12/bin/../lib/gcc/riscv-wch-elf/12.2.0/../../../../riscv-wch-elf/lib/rv32imc_zba_zbb_zbc_zbs/ilp32\libg_nano.a(lib_a-mlock.o)
                0x0000000000003838                __malloc_unlock
 .text._malloc_usable_size_r
                0x000000000000383e       0x14 c:/mounriver/mounriver_studio2/resources/app/resources/win32/components/wch/toolchain/risc-v embedded gcc12/bin/../lib/gcc/riscv-wch-elf/12.2.0/../../../../riscv-wch-elf/lib/rv32imc_zba_zbb_zbc_zbs/ilp32\libg_nano.a(lib_a-nano-msizer.o)
                0x000000000000383e                _malloc_usable_size_r
 *(.rodata)
 *fill*         0x0000000000003852        0x2 
 .rodata        0x0000000000003854       0x4c ./User/ch585_usbhs_device.o
 *(.rodata*)
 .rodata.str1.4
                0x00000000000038a0      0x15d ./User/main.o
                                        0x161 (size before relaxing)
 *fill*         0x00000000000039fd        0x3 
 .rodata.MyQuaDesc
                0x0000000000003a00        0xa ./User/usb_desc.o
                0x0000000000003a00                MyQuaDesc
 *fill*         0x0000000000003a0a        0x2 
 .rodata.MySerNumInfo
                0x0000000000003a0c       0x16 ./User/usb_desc.o
                0x0000000000003a0c                MySerNumInfo
 *fill*         0x0000000000003a22        0x2 
 .rodata.MyProdInfo
                0x0000000000003a24       0x16 ./User/usb_desc.o
                0x0000000000003a24                MyProdInfo
 *fill*         0x0000000000003a3a        0x2 
 .rodata.MyManuInfo
                0x0000000000003a3c        0xe ./User/usb_desc.o
                0x0000000000003a3c                MyManuInfo
 *fill*         0x0000000000003a4a        0x2 
 .rodata.MyCfgDescr_HS
                0x0000000000003a4c       0x43 ./User/usb_desc.o
                0x0000000000003a4c                MyCfgDescr_HS
 *fill*         0x0000000000003a8f        0x1 
 .rodata.MyCfgDescr_FS
                0x0000000000003a90       0x43 ./User/usb_desc.o
                0x0000000000003a90                MyCfgDescr_FS
 *fill*         0x0000000000003ad3        0x1 
 .rodata.MyDevDescr
                0x0000000000003ad4       0x12 ./User/usb_desc.o
                0x0000000000003ad4                MyDevDescr
 *fill*         0x0000000000003ae6        0x2 
 .rodata.GPIOA_ModeCfg
                0x0000000000003ae8       0x14 ./StdPeriphDriver/CH58x_gpio.o
 .rodata.GPIOB_ModeCfg
                0x0000000000003afc       0x14 ./StdPeriphDriver/CH58x_gpio.o
 .rodata.print.str1.4
                0x0000000000003b10        0x7 c:/mounriver/mounriver_studio2/resources/app/resources/win32/components/wch/toolchain/risc-v embedded gcc12/bin/../lib/gcc/riscv-wch-elf/12.2.0/../../../../riscv-wch-elf/lib/rv32imc_zba_zbb_zbc_zbs/ilp32\libprintf.a(wchprintf.o)
 *fill*         0x0000000000003b17        0x1 
 .rodata.print  0x0000000000003b18       0x58 c:/mounriver/mounriver_studio2/resources/app/resources/win32/components/wch/toolchain/risc-v embedded gcc12/bin/../lib/gcc/riscv-wch-elf/12.2.0/../../../../riscv-wch-elf/lib/rv32imc_zba_zbb_zbc_zbs/ilp32\libprintf.a(wchprintf.o)
 .rodata.__ssvfscanf_r.str1.4
                0x0000000000003b70        0x4 c:/mounriver/mounriver_studio2/resources/app/resources/win32/components/wch/toolchain/risc-v embedded gcc12/bin/../lib/gcc/riscv-wch-elf/12.2.0/../../../../riscv-wch-elf/lib/rv32imc_zba_zbb_zbc_zbs/ilp32\libg_nano.a(lib_a-nano-svfscanf.o)
 .rodata.__ssvfscanf_r
                0x0000000000003b74       0x84 c:/mounriver/mounriver_studio2/resources/app/resources/win32/components/wch/toolchain/risc-v embedded gcc12/bin/../lib/gcc/riscv-wch-elf/12.2.0/../../../../riscv-wch-elf/lib/rv32imc_zba_zbb_zbc_zbs/ilp32\libg_nano.a(lib_a-nano-svfscanf.o)
 .rodata._scanf_i.str1.4
                0x0000000000003bf8       0x1e c:/mounriver/mounriver_studio2/resources/app/resources/win32/components/wch/toolchain/risc-v embedded gcc12/bin/../lib/gcc/riscv-wch-elf/12.2.0/../../../../riscv-wch-elf/lib/rv32imc_zba_zbb_zbc_zbs/ilp32\libg_nano.a(lib_a-nano-vfscanf_i.o)
 *fill*         0x0000000000003c16        0x2 
 .rodata._ctype_
                0x0000000000003c18      0x101 c:/mounriver/mounriver_studio2/resources/app/resources/win32/components/wch/toolchain/risc-v embedded gcc12/bin/../lib/gcc/riscv-wch-elf/12.2.0/../../../../riscv-wch-elf/lib/rv32imc_zba_zbb_zbc_zbs/ilp32\libg_nano.a(lib_a-ctype_.o)
                0x0000000000003c18                _ctype_
 *fill*         0x0000000000003d19        0x3 
 .rodata.__sf_fake_stderr
                0x0000000000003d1c       0x20 c:/mounriver/mounriver_studio2/resources/app/resources/win32/components/wch/toolchain/risc-v embedded gcc12/bin/../lib/gcc/riscv-wch-elf/12.2.0/../../../../riscv-wch-elf/lib/rv32imc_zba_zbb_zbc_zbs/ilp32\libg_nano.a(lib_a-findfp.o)
                0x0000000000003d1c                __sf_fake_stderr
 .rodata.__sf_fake_stdout
                0x0000000000003d3c       0x20 c:/mounriver/mounriver_studio2/resources/app/resources/win32/components/wch/toolchain/risc-v embedded gcc12/bin/../lib/gcc/riscv-wch-elf/12.2.0/../../../../riscv-wch-elf/lib/rv32imc_zba_zbb_zbc_zbs/ilp32\libg_nano.a(lib_a-findfp.o)
                0x0000000000003d3c                __sf_fake_stdout
 .rodata.__sf_fake_stdin
                0x0000000000003d5c       0x20 c:/mounriver/mounriver_studio2/resources/app/resources/win32/components/wch/toolchain/risc-v embedded gcc12/bin/../lib/gcc/riscv-wch-elf/12.2.0/../../../../riscv-wch-elf/lib/rv32imc_zba_zbb_zbc_zbs/ilp32\libg_nano.a(lib_a-findfp.o)
                0x0000000000003d5c                __sf_fake_stdin
 *(.sdata2.*)
 *(.glue_7)
 *(.glue_7t)
 *(.gnu.linkonce.t.*)
                0x0000000000003d7c                . = ALIGN (0x4)

.rela.dyn       0x0000000000003d7c        0x0
 .rela.text._sbrk
                0x0000000000003d7c        0x0 ./User/UART.o
 .rela.sdata.curbrk.0
                0x0000000000003d7c        0x0 ./User/UART.o
 .rela.init     0x0000000000003d7c        0x0 ./User/UART.o
 .rela.vector   0x0000000000003d7c        0x0 ./User/UART.o
 .rela.handle_reset
                0x0000000000003d7c        0x0 ./User/UART.o
 .rela.highcode_init
                0x0000000000003d7c        0x0 ./User/UART.o
 .rela.text.__ssvfscanf_r
                0x0000000000003d7c        0x0 ./User/UART.o

.fini           0x0000000000003d7c        0x0
 *(SORT_NONE(.fini))
                0x0000000000003d7c                . = ALIGN (0x4)
                [!provide]                        PROVIDE (_etext = .)
                [!provide]                        PROVIDE (_eitcm = .)

.preinit_array  0x0000000000003d7c        0x0
                [!provide]                        PROVIDE (__preinit_array_start = .)
 *(.preinit_array)
                [!provide]                        PROVIDE (__preinit_array_end = .)

.init_array     0x0000000000003d7c        0x0
                [!provide]                        PROVIDE (__init_array_start = .)
 *(SORT_BY_INIT_PRIORITY(.init_array.*) SORT_BY_INIT_PRIORITY(.ctors.*))
 *(.init_array EXCLUDE_FILE(*crtend?.o *crtend.o *crtbegin?.o *crtbegin.o) .ctors)
                [!provide]                        PROVIDE (__init_array_end = .)

.fini_array     0x0000000000003d7c        0x0
                [!provide]                        PROVIDE (__fini_array_start = .)
 *(SORT_BY_INIT_PRIORITY(.fini_array.*) SORT_BY_INIT_PRIORITY(.dtors.*))
 *(.fini_array EXCLUDE_FILE(*crtend?.o *crtend.o *crtbegin?.o *crtbegin.o) .dtors)
                [!provide]                        PROVIDE (__fini_array_end = .)

.ctors
 *crtbegin.o(.ctors)
 *crtbegin?.o(.ctors)
 *(EXCLUDE_FILE(*crtend?.o *crtend.o) .ctors)
 *(SORT_BY_NAME(.ctors.*))
 *(.ctors)

.dtors
 *crtbegin.o(.dtors)
 *crtbegin?.o(.dtors)
 *(EXCLUDE_FILE(*crtend?.o *crtend.o) .dtors)
 *(SORT_BY_NAME(.dtors.*))
 *(.dtors)

.dlalign        0x0000000000003d7c        0x0
                0x0000000000003d7c                . = ALIGN (0x4)
                0x0000000000003d7c                PROVIDE (_data_lma = .)

.data           0x0000000020001b58      0x12c load address 0x0000000000003d7c
                0x0000000020001b58                . = ALIGN (0x4)
                0x0000000020001b58                PROVIDE (_data_vma = .)
 *(.gnu.linkonce.r.*)
 *(.data .data.*)
 .data.IFTest_Buf
                0x0000000020001b58       0x35 ./User/ch585_usbhs_device.o
                0x0000000020001b58                IFTest_Buf
 *fill*         0x0000000020001b8d        0x3 
 .data.TAB_USB_HS_OSC_DESC
                0x0000000020001b90       0x43 ./User/usb_desc.o
                0x0000000020001b90                TAB_USB_HS_OSC_DESC
 *fill*         0x0000000020001bd3        0x1 
 .data.TAB_USB_FS_OSC_DESC
                0x0000000020001bd4       0x43 ./User/usb_desc.o
                0x0000000020001bd4                TAB_USB_FS_OSC_DESC
 *fill*         0x0000000020001c17        0x1 
 .data.impure_data
                0x0000000020001c18       0x60 c:/mounriver/mounriver_studio2/resources/app/resources/win32/components/wch/toolchain/risc-v embedded gcc12/bin/../lib/gcc/riscv-wch-elf/12.2.0/../../../../riscv-wch-elf/lib/rv32imc_zba_zbb_zbc_zbs/ilp32\libg_nano.a(lib_a-impure.o)
 *(.gnu.linkonce.d.*)
                0x0000000020001c78                . = ALIGN (0x8)
 *fill*         0x0000000020001c78        0x0 
                0x0000000020002478                PROVIDE (__global_pointer$ = (. + 0x800))
 *(.sdata .sdata.*)
 .sdata.curbrk.0
                0x0000000020001c78        0x4 ./StdPeriphDriver/CH58x_sys.o
 .sdata._impure_ptr
                0x0000000020001c7c        0x4 c:/mounriver/mounriver_studio2/resources/app/resources/win32/components/wch/toolchain/risc-v embedded gcc12/bin/../lib/gcc/riscv-wch-elf/12.2.0/../../../../riscv-wch-elf/lib/rv32imc_zba_zbb_zbc_zbs/ilp32\libg_nano.a(lib_a-impure.o)
                0x0000000020001c7c                _impure_ptr
 *(.gnu.linkonce.s.*)
                0x0000000020001c80                . = ALIGN (0x8)
 *(.srodata.cst16)
 *(.srodata.cst8)
 *(.srodata.cst4)
 *(.srodata.cst2)
 *(.srodata .srodata.*)
 .srodata.MyLangDescr
                0x0000000020001c80        0x4 ./User/usb_desc.o
                0x0000000020001c80                MyLangDescr
                0x0000000020001c84                . = ALIGN (0x4)
                0x0000000020001c84                PROVIDE (_edata = .)

.bss            0x0000000020001c88     0x171c load address 0x0000000000003ea8
                0x0000000020001c88                . = ALIGN (0x4)
                0x0000000020001c88                PROVIDE (_sbss = .)
 *(.sbss*)
 .sbss.USBHS_DevEnumStatus
                0x0000000020001c88        0x1 ./User/ch585_usbhs_device.o
                0x0000000020001c88                USBHS_DevEnumStatus
 .sbss.USBHS_DevSleepStatus
                0x0000000020001c89        0x1 ./User/ch585_usbhs_device.o
                0x0000000020001c89                USBHS_DevSleepStatus
 .sbss.USBHS_DevSpeed
                0x0000000020001c8a        0x1 ./User/ch585_usbhs_device.o
                0x0000000020001c8a                USBHS_DevSpeed
 *fill*         0x0000000020001c8b        0x1 
 .sbss.USBHS_DevMaxPackLen
                0x0000000020001c8c        0x2 ./User/ch585_usbhs_device.o
                0x0000000020001c8c                USBHS_DevMaxPackLen
 .sbss.USBHS_DevAddr
                0x0000000020001c8e        0x1 ./User/ch585_usbhs_device.o
                0x0000000020001c8e                USBHS_DevAddr
 .sbss.USBHS_DevConfig
                0x0000000020001c8f        0x1 ./User/ch585_usbhs_device.o
                0x0000000020001c8f                USBHS_DevConfig
 .sbss.USBHS_SetupReqLen
                0x0000000020001c90        0x2 ./User/ch585_usbhs_device.o
                0x0000000020001c90                USBHS_SetupReqLen
 .sbss.USBHS_SetupReqIndex
                0x0000000020001c92        0x2 ./User/ch585_usbhs_device.o
                0x0000000020001c92                USBHS_SetupReqIndex
 .sbss.USBHS_SetupReqValue
                0x0000000020001c94        0x2 ./User/ch585_usbhs_device.o
                0x0000000020001c94                USBHS_SetupReqValue
 .sbss.USBHS_SetupReqType
                0x0000000020001c96        0x1 ./User/ch585_usbhs_device.o
                0x0000000020001c96                USBHS_SetupReqType
 .sbss.USBHS_SetupReqCode
                0x0000000020001c97        0x1 ./User/ch585_usbhs_device.o
                0x0000000020001c97                USBHS_SetupReqCode
 .sbss.pUSBHS_Descr
                0x0000000020001c98        0x4 ./User/ch585_usbhs_device.o
                0x0000000020001c98                pUSBHS_Descr
 .sbss.USBHS_Test_Flag
                0x0000000020001c9c        0x1 ./User/ch585_usbhs_device.o
                0x0000000020001c9c                USBHS_Test_Flag
 *fill*         0x0000000020001c9d        0x3 
 .sbss.ms_cnt   0x0000000020001ca0        0x8 ./User/main.o
                0x0000000020001ca0                ms_cnt
 .sbss.uart_rx_length
                0x0000000020001ca8        0x4 ./User/main.o
 .sbss.chip_info
                0x0000000020001cac        0x4 ./StdPeriphDriver/CH58x_sys.o
                0x0000000020001cac                chip_info
 .sbss.gs_machine_mode_func
                0x0000000020001cb0        0x4 ./StdPeriphDriver/CH58x_sys.o
                0x0000000020001cb0                gs_machine_mode_func
 .sbss.g_LLE_IRQLibHandlerLocation
                0x0000000020001cb4        0x4 ./HAL/MCU.o
                0x0000000020001cb4                g_LLE_IRQLibHandlerLocation
 .sbss.RTCTigFlag
                0x0000000020001cb8        0x4 ./HAL/RTC.o
                0x0000000020001cb8                RTCTigFlag
 .sbss.tmosSign
                0x0000000020001cbc        0x1 c:\Users\Dewe\Downloads\ch585-main\ch585-main\EVT\EXAM\BLE\LIB\libCH58xBLE.a(tmos.o)
                0x0000000020001cbc                tmosSign
 *fill*         0x0000000020001cbd        0x3 
 .sbss.gptrAESReg
                0x0000000020001cc0        0x4 c:\Users\Dewe\Downloads\ch585-main\ch585-main\EVT\EXAM\BLE\LIB\libCH58xBLE.a(aes.o)
                0x0000000020001cc0                gptrAESReg
 .sbss.gptrBBReg
                0x0000000020001cc4        0x4 c:\Users\Dewe\Downloads\ch585-main\ch585-main\EVT\EXAM\BLE\LIB\libCH58xBLE.a(bb.o)
                0x0000000020001cc4                gptrBBReg
 .sbss.gPaControl
                0x0000000020001cc8        0x4 c:\Users\Dewe\Downloads\ch585-main\ch585-main\EVT\EXAM\BLE\LIB\libCH58xBLE.a(ip.o)
 .sbss.gptrLLEReg
                0x0000000020001ccc        0x4 c:\Users\Dewe\Downloads\ch585-main\ch585-main\EVT\EXAM\BLE\LIB\libCH58xBLE.a(lle.o)
                0x0000000020001ccc                gptrLLEReg
 .sbss.gptrRFENDReg
                0x0000000020001cd0        0x4 c:\Users\Dewe\Downloads\ch585-main\ch585-main\EVT\EXAM\BLE\LIB\libCH58xBLE.a(rfend.o)
                0x0000000020001cd0                gptrRFENDReg
 .sbss.errno    0x0000000020001cd4        0x4 c:/mounriver/mounriver_studio2/resources/app/resources/win32/components/wch/toolchain/risc-v embedded gcc12/bin/../lib/gcc/riscv-wch-elf/12.2.0/../../../../riscv-wch-elf/lib/rv32imc_zba_zbb_zbc_zbs/ilp32\libg_nano.a(lib_a-reent.o)
                0x0000000020001cd4                errno
 .sbss.__lock___malloc_recursive_mutex
                0x0000000020001cd8        0x1 c:/mounriver/mounriver_studio2/resources/app/resources/win32/components/wch/toolchain/risc-v embedded gcc12/bin/../lib/gcc/riscv-wch-elf/12.2.0/../../../../riscv-wch-elf/lib/rv32imc_zba_zbb_zbc_zbs/ilp32\libg_nano.a(lib_a-lock.o)
                0x0000000020001cd8                __lock___malloc_recursive_mutex
 *fill*         0x0000000020001cd9        0x3 
 .sbss.__malloc_sbrk_start
                0x0000000020001cdc        0x4 c:/mounriver/mounriver_studio2/resources/app/resources/win32/components/wch/toolchain/risc-v embedded gcc12/bin/../lib/gcc/riscv-wch-elf/12.2.0/../../../../riscv-wch-elf/lib/rv32imc_zba_zbb_zbc_zbs/ilp32\libg_nano.a(lib_a-nano-mallocr.o)
                0x0000000020001cdc                __malloc_sbrk_start
 .sbss.__malloc_free_list
                0x0000000020001ce0        0x4 c:/mounriver/mounriver_studio2/resources/app/resources/win32/components/wch/toolchain/risc-v embedded gcc12/bin/../lib/gcc/riscv-wch-elf/12.2.0/../../../../riscv-wch-elf/lib/rv32imc_zba_zbb_zbc_zbs/ilp32\libg_nano.a(lib_a-nano-mallocr.o)
                0x0000000020001ce0                __malloc_free_list
 *(.gnu.linkonce.sb.*)
 *(.bss*)
 .bss.UART2_Tx_Buf
                0x0000000020001ce4      0x800 ./User/UART.o
                0x0000000020001ce4                UART2_Tx_Buf
 .bss.CDC       0x00000000200024e4        0xe ./User/UART.o
                0x00000000200024e4                CDC
 *fill*         0x00000000200024f2        0x2 
 .bss.USBHS_Endp_Busy
                0x00000000200024f4       0x10 ./User/ch585_usbhs_device.o
                0x00000000200024f4                USBHS_Endp_Busy
 .bss.USBHS_EP3_Tx_Buf
                0x0000000020002504      0x400 ./User/ch585_usbhs_device.o
                0x0000000020002504                USBHS_EP3_Tx_Buf
 .bss.USBHS_EP2_Tx_Buf
                0x0000000020002904      0x400 ./User/ch585_usbhs_device.o
                0x0000000020002904                USBHS_EP2_Tx_Buf
 .bss.USBHS_EP0_Buf
                0x0000000020002d04       0x40 ./User/ch585_usbhs_device.o
                0x0000000020002d04                USBHS_EP0_Buf
 .bss.local_tx_buf
                0x0000000020002d44      0x200 ./User/main.o
 .bss.uart_rx_buf
                0x0000000020002f44      0x400 ./User/main.o
 .bss.rfConfig  0x0000000020003344       0x20 c:\Users\Dewe\Downloads\ch585-main\ch585-main\EVT\EXAM\BLE\LIB\libCH58xBLE.a(rf_fh.o)
                0x0000000020003344                rfConfig
 .bss.gBleIPPara
                0x0000000020003364       0x40 c:\Users\Dewe\Downloads\ch585-main\ch585-main\EVT\EXAM\BLE\LIB\libCH58xBLE.a(ip.o)
                0x0000000020003364                gBleIPPara
 *(.gnu.linkonce.b.*)
 *(COMMON*)
                0x00000000200033a4                . = ALIGN (0x4)
                0x00000000200033a4                PROVIDE (_ebss = .)
                0x00000000200033a4                PROVIDE (_end = _ebss)
                [!provide]                        PROVIDE (end = .)

.stack          0x0000000020020000        0x0
                0x0000000020020000                . = ALIGN (0x4)
                0x0000000020020000                PROVIDE (_eusrstack = .)
OUTPUT(SimulateCDC.elf elf32-littleriscv)

.debug_info     0x0000000000000000     0x7c51
 .debug_info    0x0000000000000000      0x3cd ./User/UART.o
 .debug_info    0x00000000000003cd      0xa49 ./User/ch585_usbhs_device.o
 .debug_info    0x0000000000000e16     0x1290 ./User/main.o
 .debug_info    0x00000000000020a6      0x27b ./User/usb_desc.o
 .debug_info    0x0000000000002321     0x1480 ./StdPeriphDriver/CH58x_clk.o
 .debug_info    0x00000000000037a1      0x305 ./StdPeriphDriver/CH58x_gpio.o
 .debug_info    0x0000000000003aa6      0x288 ./StdPeriphDriver/CH58x_pwm.o
 .debug_info    0x0000000000003d2e     0x16bd ./StdPeriphDriver/CH58x_pwr.o
 .debug_info    0x00000000000053eb     0x10ec ./StdPeriphDriver/CH58x_sys.o
 .debug_info    0x00000000000064d7       0x23 ./Startup/startup_CH585.o
 .debug_info    0x00000000000064fa       0x23 ./LIB/ble_task_scheduler.o
 .debug_info    0x000000000000651d      0xf29 ./HAL/MCU.o
 .debug_info    0x0000000000007446      0x80b ./HAL/RTC.o

.debug_abbrev   0x0000000000000000     0x1f12
 .debug_abbrev  0x0000000000000000      0x216 ./User/UART.o
 .debug_abbrev  0x0000000000000216      0x300 ./User/ch585_usbhs_device.o
 .debug_abbrev  0x0000000000000516      0x3c4 ./User/main.o
 .debug_abbrev  0x00000000000008da       0x79 ./User/usb_desc.o
 .debug_abbrev  0x0000000000000953      0x310 ./StdPeriphDriver/CH58x_clk.o
 .debug_abbrev  0x0000000000000c63      0x13a ./StdPeriphDriver/CH58x_gpio.o
 .debug_abbrev  0x0000000000000d9d       0xd6 ./StdPeriphDriver/CH58x_pwm.o
 .debug_abbrev  0x0000000000000e73      0x36b ./StdPeriphDriver/CH58x_pwr.o
 .debug_abbrev  0x00000000000011de      0x544 ./StdPeriphDriver/CH58x_sys.o
 .debug_abbrev  0x0000000000001722       0x12 ./Startup/startup_CH585.o
 .debug_abbrev  0x0000000000001734       0x12 ./LIB/ble_task_scheduler.o
 .debug_abbrev  0x0000000000001746      0x49d ./HAL/MCU.o
 .debug_abbrev  0x0000000000001be3      0x32f ./HAL/RTC.o

.debug_loclists
                0x0000000000000000     0x22ac
 .debug_loclists
                0x0000000000000000       0xf8 ./User/UART.o
 .debug_loclists
                0x00000000000000f8      0x3b2 ./User/ch585_usbhs_device.o
 .debug_loclists
                0x00000000000004aa      0x3da ./User/main.o
 .debug_loclists
                0x0000000000000884      0x886 ./StdPeriphDriver/CH58x_clk.o
 .debug_loclists
                0x000000000000110a      0x151 ./StdPeriphDriver/CH58x_gpio.o
 .debug_loclists
                0x000000000000125b      0x191 ./StdPeriphDriver/CH58x_pwm.o
 .debug_loclists
                0x00000000000013ec      0x6ca ./StdPeriphDriver/CH58x_pwr.o
 .debug_loclists
                0x0000000000001ab6      0x50e ./StdPeriphDriver/CH58x_sys.o
 .debug_loclists
                0x0000000000001fc4      0x287 ./HAL/MCU.o
 .debug_loclists
                0x000000000000224b       0x61 ./HAL/RTC.o

.debug_aranges  0x0000000000000000      0x468
 .debug_aranges
                0x0000000000000000       0x48 ./User/UART.o
 .debug_aranges
                0x0000000000000048       0x40 ./User/ch585_usbhs_device.o
 .debug_aranges
                0x0000000000000088       0x30 ./User/main.o
 .debug_aranges
                0x00000000000000b8       0x18 ./User/usb_desc.o
 .debug_aranges
                0x00000000000000d0       0xa0 ./StdPeriphDriver/CH58x_clk.o
 .debug_aranges
                0x0000000000000170       0x58 ./StdPeriphDriver/CH58x_gpio.o
 .debug_aranges
                0x00000000000001c8       0x40 ./StdPeriphDriver/CH58x_pwm.o
 .debug_aranges
                0x0000000000000208       0x78 ./StdPeriphDriver/CH58x_pwr.o
 .debug_aranges
                0x0000000000000280       0xf0 ./StdPeriphDriver/CH58x_sys.o
 .debug_aranges
                0x0000000000000370       0x38 ./Startup/startup_CH585.o
 .debug_aranges
                0x00000000000003a8       0x28 ./LIB/ble_task_scheduler.o
 .debug_aranges
                0x00000000000003d0       0x58 ./HAL/MCU.o
 .debug_aranges
                0x0000000000000428       0x40 ./HAL/RTC.o

.debug_rnglists
                0x0000000000000000      0x7f1
 .debug_rnglists
                0x0000000000000000       0x5f ./User/UART.o
 .debug_rnglists
                0x000000000000005f       0x3a ./User/ch585_usbhs_device.o
 .debug_rnglists
                0x0000000000000099      0x114 ./User/main.o
 .debug_rnglists
                0x00000000000001ad      0x18a ./StdPeriphDriver/CH58x_clk.o
 .debug_rnglists
                0x0000000000000337       0x55 ./StdPeriphDriver/CH58x_gpio.o
 .debug_rnglists
                0x000000000000038c       0x3a ./StdPeriphDriver/CH58x_pwm.o
 .debug_rnglists
                0x00000000000003c6      0x166 ./StdPeriphDriver/CH58x_pwr.o
 .debug_rnglists
                0x000000000000052c      0x172 ./StdPeriphDriver/CH58x_sys.o
 .debug_rnglists
                0x000000000000069e       0x26 ./Startup/startup_CH585.o
 .debug_rnglists
                0x00000000000006c4       0x1a ./LIB/ble_task_scheduler.o
 .debug_rnglists
                0x00000000000006de       0x8d ./HAL/MCU.o
 .debug_rnglists
                0x000000000000076b       0x86 ./HAL/RTC.o

.debug_line     0x0000000000000000     0xa497
 .debug_line    0x0000000000000000      0x3f9 ./User/UART.o
 .debug_line    0x00000000000003f9     0x1739 ./User/ch585_usbhs_device.o
 .debug_line    0x0000000000001b32      0xa22 ./User/main.o
 .debug_line    0x0000000000002554       0x51 ./User/usb_desc.o
 .debug_line    0x00000000000025a5     0x2a94 ./StdPeriphDriver/CH58x_clk.o
 .debug_line    0x0000000000005039      0x5fa ./StdPeriphDriver/CH58x_gpio.o
 .debug_line    0x0000000000005633      0x408 ./StdPeriphDriver/CH58x_pwm.o
 .debug_line    0x0000000000005a3b     0x2480 ./StdPeriphDriver/CH58x_pwr.o
 .debug_line    0x0000000000007ebb     0x15cb ./StdPeriphDriver/CH58x_sys.o
 .debug_line    0x0000000000009486      0x1a9 ./Startup/startup_CH585.o
 .debug_line    0x000000000000962f      0x2a0 ./LIB/ble_task_scheduler.o
 .debug_line    0x00000000000098cf      0x79c ./HAL/MCU.o
 .debug_line    0x000000000000a06b      0x42c ./HAL/RTC.o

.debug_str      0x0000000000000000     0x1d5d
 .debug_str     0x0000000000000000      0x28a ./User/UART.o
                                        0x2f1 (size before relaxing)
 .debug_str     0x000000000000028a      0x49b ./User/ch585_usbhs_device.o
                                        0x71e (size before relaxing)
 .debug_str     0x0000000000000725      0x54a ./User/main.o
                                        0x9c4 (size before relaxing)
 .debug_str     0x0000000000000c6f        0xa ./User/usb_desc.o
                                        0x20e (size before relaxing)
 .debug_str     0x0000000000000c79      0x480 ./StdPeriphDriver/CH58x_clk.o
                                        0x730 (size before relaxing)
 .debug_str     0x00000000000010f9       0xd7 ./StdPeriphDriver/CH58x_gpio.o
                                        0x327 (size before relaxing)
 .debug_str     0x00000000000011d0       0x95 ./StdPeriphDriver/CH58x_pwm.o
                                        0x2ab (size before relaxing)
 .debug_str     0x0000000000001265      0x21a ./StdPeriphDriver/CH58x_pwr.o
                                        0x7b8 (size before relaxing)
 .debug_str     0x000000000000147f      0x2de ./StdPeriphDriver/CH58x_sys.o
                                        0xa45 (size before relaxing)
 .debug_str     0x000000000000175d       0xb7 ./Startup/startup_CH585.o
 .debug_str     0x0000000000001814       0x54 ./LIB/ble_task_scheduler.o
                                         0xb8 (size before relaxing)
 .debug_str     0x0000000000001868      0x3b6 ./HAL/MCU.o
                                        0x837 (size before relaxing)
 .debug_str     0x0000000000001c1e      0x13f ./HAL/RTC.o
                                        0x5d9 (size before relaxing)

.debug_line_str
                0x0000000000000000      0x875
 .debug_line_str
                0x0000000000000000      0x399 ./User/UART.o
                                        0x3ff (size before relaxing)
 .debug_line_str
                0x0000000000000399       0x77 ./User/ch585_usbhs_device.o
                                        0x483 (size before relaxing)
 .debug_line_str
                0x0000000000000410       0xa2 ./User/main.o
                                        0x4e1 (size before relaxing)
 .debug_line_str
                0x00000000000004b2       0x13 ./User/usb_desc.o
                                        0x217 (size before relaxing)
 .debug_line_str
                0x00000000000004c5       0xa2 ./StdPeriphDriver/CH58x_clk.o
                                        0x356 (size before relaxing)
 .debug_line_str
                0x0000000000000567       0x58 ./StdPeriphDriver/CH58x_gpio.o
                                        0x34e (size before relaxing)
 .debug_line_str
                0x00000000000005bf       0x57 ./StdPeriphDriver/CH58x_pwm.o
                                        0x34a (size before relaxing)
 .debug_line_str
                0x0000000000000616       0x6f ./StdPeriphDriver/CH58x_pwr.o
                                        0x37a (size before relaxing)
 .debug_line_str
                0x0000000000000685       0x57 ./StdPeriphDriver/CH58x_sys.o
                                        0x408 (size before relaxing)
 .debug_line_str
                0x00000000000006dc       0x53 ./Startup/startup_CH585.o
                                         0xbb (size before relaxing)
 .debug_line_str
                0x000000000000072f       0x15 ./LIB/ble_task_scheduler.o
                                         0xc1 (size before relaxing)
 .debug_line_str
                0x0000000000000744       0xec ./HAL/MCU.o
                                        0x48f (size before relaxing)
 .debug_line_str
                0x0000000000000830       0x45 ./HAL/RTC.o
                                        0x3c1 (size before relaxing)

.comment        0x0000000000000000       0x64
 .comment       0x0000000000000000       0x31 ./User/UART.o
                                         0x32 (size before relaxing)
 .comment       0x0000000000000031       0x32 ./User/ch585_usbhs_device.o
 .comment       0x0000000000000031       0x32 ./User/main.o
 .comment       0x0000000000000031       0x32 ./User/usb_desc.o
 .comment       0x0000000000000031       0x32 ./StdPeriphDriver/CH58x_clk.o
 .comment       0x0000000000000031       0x32 ./StdPeriphDriver/CH58x_gpio.o
 .comment       0x0000000000000031       0x32 ./StdPeriphDriver/CH58x_pwm.o
 .comment       0x0000000000000031       0x32 ./StdPeriphDriver/CH58x_pwr.o
 .comment       0x0000000000000031       0x32 ./StdPeriphDriver/CH58x_sys.o
 .comment       0x0000000000000031       0x32 ./HAL/MCU.o
 .comment       0x0000000000000031       0x32 ./HAL/RTC.o
 .comment       0x0000000000000031       0x33 c:\Users\Dewe\Downloads\ch585-main\ch585-main\EVT\EXAM\SRC\StdPeriphDriver\libISP585.a(ISP585.o)
                                         0x34 (size before relaxing)
 .comment       0x0000000000000064       0x32 c:\Users\Dewe\Downloads\ch585-main\ch585-main\EVT\EXAM\BLE\LIB\libCH58xBLE.a(tmos.o)
 .comment       0x0000000000000064       0x32 c:\Users\Dewe\Downloads\ch585-main\ch585-main\EVT\EXAM\BLE\LIB\libCH58xBLE.a(rf_fh.o)
 .comment       0x0000000000000064       0x32 c:\Users\Dewe\Downloads\ch585-main\ch585-main\EVT\EXAM\BLE\LIB\libCH58xBLE.a(aes.o)
 .comment       0x0000000000000064       0x32 c:\Users\Dewe\Downloads\ch585-main\ch585-main\EVT\EXAM\BLE\LIB\libCH58xBLE.a(bb.o)
 .comment       0x0000000000000064       0x32 c:\Users\Dewe\Downloads\ch585-main\ch585-main\EVT\EXAM\BLE\LIB\libCH58xBLE.a(ip.o)
 .comment       0x0000000000000064       0x32 c:\Users\Dewe\Downloads\ch585-main\ch585-main\EVT\EXAM\BLE\LIB\libCH58xBLE.a(lle.o)
 .comment       0x0000000000000064       0x32 c:\Users\Dewe\Downloads\ch585-main\ch585-main\EVT\EXAM\BLE\LIB\libCH58xBLE.a(rfend.o)
 .comment       0x0000000000000064       0x32 c:/mounriver/mounriver_studio2/resources/app/resources/win32/components/wch/toolchain/risc-v embedded gcc12/bin/../lib/gcc/riscv-wch-elf/12.2.0/../../../../riscv-wch-elf/lib/rv32imc_zba_zbb_zbc_zbs/ilp32\libprintf.a(wchprintf.o)
 .comment       0x0000000000000064       0x32 c:/mounriver/mounriver_studio2/resources/app/resources/win32/components/wch/toolchain/risc-v embedded gcc12/bin/../lib/gcc/riscv-wch-elf/12.2.0/../../../../riscv-wch-elf/lib/rv32imc_zba_zbb_zbc_zbs/ilp32\libg_nano.a(lib_a-sscanf.o)
 .comment       0x0000000000000064       0x32 c:/mounriver/mounriver_studio2/resources/app/resources/win32/components/wch/toolchain/risc-v embedded gcc12/bin/../lib/gcc/riscv-wch-elf/12.2.0/../../../../riscv-wch-elf/lib/rv32imc_zba_zbb_zbc_zbs/ilp32\libg_nano.a(lib_a-stdio.o)
 .comment       0x0000000000000064       0x32 c:/mounriver/mounriver_studio2/resources/app/resources/win32/components/wch/toolchain/risc-v embedded gcc12/bin/../lib/gcc/riscv-wch-elf/12.2.0/../../../../riscv-wch-elf/lib/rv32imc_zba_zbb_zbc_zbs/ilp32\libg_nano.a(lib_a-strcpy.o)
 .comment       0x0000000000000064       0x32 c:/mounriver/mounriver_studio2/resources/app/resources/win32/components/wch/toolchain/risc-v embedded gcc12/bin/../lib/gcc/riscv-wch-elf/12.2.0/../../../../riscv-wch-elf/lib/rv32imc_zba_zbb_zbc_zbs/ilp32\libg_nano.a(lib_a-strlen.o)
 .comment       0x0000000000000064       0x32 c:/mounriver/mounriver_studio2/resources/app/resources/win32/components/wch/toolchain/risc-v embedded gcc12/bin/../lib/gcc/riscv-wch-elf/12.2.0/../../../../riscv-wch-elf/lib/rv32imc_zba_zbb_zbc_zbs/ilp32\libg_nano.a(lib_a-strncmp.o)
 .comment       0x0000000000000064       0x32 c:/mounriver/mounriver_studio2/resources/app/resources/win32/components/wch/toolchain/risc-v embedded gcc12/bin/../lib/gcc/riscv-wch-elf/12.2.0/../../../../riscv-wch-elf/lib/rv32imc_zba_zbb_zbc_zbs/ilp32\libg_nano.a(lib_a-impure.o)
 .comment       0x0000000000000064       0x32 c:/mounriver/mounriver_studio2/resources/app/resources/win32/components/wch/toolchain/risc-v embedded gcc12/bin/../lib/gcc/riscv-wch-elf/12.2.0/../../../../riscv-wch-elf/lib/rv32imc_zba_zbb_zbc_zbs/ilp32\libg_nano.a(lib_a-nano-svfscanf.o)
 .comment       0x0000000000000064       0x32 c:/mounriver/mounriver_studio2/resources/app/resources/win32/components/wch/toolchain/risc-v embedded gcc12/bin/../lib/gcc/riscv-wch-elf/12.2.0/../../../../riscv-wch-elf/lib/rv32imc_zba_zbb_zbc_zbs/ilp32\libg_nano.a(lib_a-nano-vfscanf_i.o)
 .comment       0x0000000000000064       0x32 c:/mounriver/mounriver_studio2/resources/app/resources/win32/components/wch/toolchain/risc-v embedded gcc12/bin/../lib/gcc/riscv-wch-elf/12.2.0/../../../../riscv-wch-elf/lib/rv32imc_zba_zbb_zbc_zbs/ilp32\libg_nano.a(lib_a-reent.o)
 .comment       0x0000000000000064       0x32 c:/mounriver/mounriver_studio2/resources/app/resources/win32/components/wch/toolchain/risc-v embedded gcc12/bin/../lib/gcc/riscv-wch-elf/12.2.0/../../../../riscv-wch-elf/lib/rv32imc_zba_zbb_zbc_zbs/ilp32\libg_nano.a(lib_a-sccl.o)
 .comment       0x0000000000000064       0x32 c:/mounriver/mounriver_studio2/resources/app/resources/win32/components/wch/toolchain/risc-v embedded gcc12/bin/../lib/gcc/riscv-wch-elf/12.2.0/../../../../riscv-wch-elf/lib/rv32imc_zba_zbb_zbc_zbs/ilp32\libg_nano.a(lib_a-strtol.o)
 .comment       0x0000000000000064       0x32 c:/mounriver/mounriver_studio2/resources/app/resources/win32/components/wch/toolchain/risc-v embedded gcc12/bin/../lib/gcc/riscv-wch-elf/12.2.0/../../../../riscv-wch-elf/lib/rv32imc_zba_zbb_zbc_zbs/ilp32\libg_nano.a(lib_a-strtoul.o)
 .comment       0x0000000000000064       0x32 c:/mounriver/mounriver_studio2/resources/app/resources/win32/components/wch/toolchain/risc-v embedded gcc12/bin/../lib/gcc/riscv-wch-elf/12.2.0/../../../../riscv-wch-elf/lib/rv32imc_zba_zbb_zbc_zbs/ilp32\libg_nano.a(lib_a-ungetc.o)
 .comment       0x0000000000000064       0x32 c:/mounriver/mounriver_studio2/resources/app/resources/win32/components/wch/toolchain/risc-v embedded gcc12/bin/../lib/gcc/riscv-wch-elf/12.2.0/../../../../riscv-wch-elf/lib/rv32imc_zba_zbb_zbc_zbs/ilp32\libg_nano.a(lib_a-ctype_.o)
 .comment       0x0000000000000064       0x32 c:/mounriver/mounriver_studio2/resources/app/resources/win32/components/wch/toolchain/risc-v embedded gcc12/bin/../lib/gcc/riscv-wch-elf/12.2.0/../../../../riscv-wch-elf/lib/rv32imc_zba_zbb_zbc_zbs/ilp32\libg_nano.a(lib_a-errno.o)
 .comment       0x0000000000000064       0x32 c:/mounriver/mounriver_studio2/resources/app/resources/win32/components/wch/toolchain/risc-v embedded gcc12/bin/../lib/gcc/riscv-wch-elf/12.2.0/../../../../riscv-wch-elf/lib/rv32imc_zba_zbb_zbc_zbs/ilp32\libg_nano.a(lib_a-findfp.o)
 .comment       0x0000000000000064       0x32 c:/mounriver/mounriver_studio2/resources/app/resources/win32/components/wch/toolchain/risc-v embedded gcc12/bin/../lib/gcc/riscv-wch-elf/12.2.0/../../../../riscv-wch-elf/lib/rv32imc_zba_zbb_zbc_zbs/ilp32\libg_nano.a(lib_a-lock.o)
 .comment       0x0000000000000064       0x32 c:/mounriver/mounriver_studio2/resources/app/resources/win32/components/wch/toolchain/risc-v embedded gcc12/bin/../lib/gcc/riscv-wch-elf/12.2.0/../../../../riscv-wch-elf/lib/rv32imc_zba_zbb_zbc_zbs/ilp32\libg_nano.a(lib_a-memchr.o)
 .comment       0x0000000000000064       0x32 c:/mounriver/mounriver_studio2/resources/app/resources/win32/components/wch/toolchain/risc-v embedded gcc12/bin/../lib/gcc/riscv-wch-elf/12.2.0/../../../../riscv-wch-elf/lib/rv32imc_zba_zbb_zbc_zbs/ilp32\libg_nano.a(lib_a-nano-freer.o)
 .comment       0x0000000000000064       0x32 c:/mounriver/mounriver_studio2/resources/app/resources/win32/components/wch/toolchain/risc-v embedded gcc12/bin/../lib/gcc/riscv-wch-elf/12.2.0/../../../../riscv-wch-elf/lib/rv32imc_zba_zbb_zbc_zbs/ilp32\libg_nano.a(lib_a-nano-mallocr.o)
 .comment       0x0000000000000064       0x32 c:/mounriver/mounriver_studio2/resources/app/resources/win32/components/wch/toolchain/risc-v embedded gcc12/bin/../lib/gcc/riscv-wch-elf/12.2.0/../../../../riscv-wch-elf/lib/rv32imc_zba_zbb_zbc_zbs/ilp32\libg_nano.a(lib_a-nano-reallocr.o)
 .comment       0x0000000000000064       0x32 c:/mounriver/mounriver_studio2/resources/app/resources/win32/components/wch/toolchain/risc-v embedded gcc12/bin/../lib/gcc/riscv-wch-elf/12.2.0/../../../../riscv-wch-elf/lib/rv32imc_zba_zbb_zbc_zbs/ilp32\libg_nano.a(lib_a-sbrkr.o)
 .comment       0x0000000000000064       0x32 c:/mounriver/mounriver_studio2/resources/app/resources/win32/components/wch/toolchain/risc-v embedded gcc12/bin/../lib/gcc/riscv-wch-elf/12.2.0/../../../../riscv-wch-elf/lib/rv32imc_zba_zbb_zbc_zbs/ilp32\libg_nano.a(lib_a-mlock.o)
 .comment       0x0000000000000064       0x32 c:/mounriver/mounriver_studio2/resources/app/resources/win32/components/wch/toolchain/risc-v embedded gcc12/bin/../lib/gcc/riscv-wch-elf/12.2.0/../../../../riscv-wch-elf/lib/rv32imc_zba_zbb_zbc_zbs/ilp32\libg_nano.a(lib_a-nano-msizer.o)

.riscv.attributes
                0x0000000000000000       0x51
 .riscv.attributes
                0x0000000000000000       0x4b ./User/UART.o
 .riscv.attributes
                0x000000000000004b       0x4b ./User/ch585_usbhs_device.o
 .riscv.attributes
                0x0000000000000096       0x4b ./User/main.o
 .riscv.attributes
                0x00000000000000e1       0x4b ./User/usb_desc.o
 .riscv.attributes
                0x000000000000012c       0x4b ./StdPeriphDriver/CH58x_clk.o
 .riscv.attributes
                0x0000000000000177       0x4b ./StdPeriphDriver/CH58x_gpio.o
 .riscv.attributes
                0x00000000000001c2       0x4b ./StdPeriphDriver/CH58x_pwm.o
 .riscv.attributes
                0x000000000000020d       0x4b ./StdPeriphDriver/CH58x_pwr.o
 .riscv.attributes
                0x0000000000000258       0x4b ./StdPeriphDriver/CH58x_sys.o
 .riscv.attributes
                0x00000000000002a3       0x49 ./Startup/startup_CH585.o
 .riscv.attributes
                0x00000000000002ec       0x49 ./LIB/ble_task_scheduler.o
 .riscv.attributes
                0x0000000000000335       0x4b ./HAL/MCU.o
 .riscv.attributes
                0x0000000000000380       0x4b ./HAL/RTC.o
 .riscv.attributes
                0x00000000000003cb       0x51 c:\Users\Dewe\Downloads\ch585-main\ch585-main\EVT\EXAM\BLE\LIB\libCH58xBLE.a(tmos.o)
 .riscv.attributes
                0x000000000000041c       0x51 c:\Users\Dewe\Downloads\ch585-main\ch585-main\EVT\EXAM\BLE\LIB\libCH58xBLE.a(rf_fh.o)
 .riscv.attributes
                0x000000000000046d       0x51 c:\Users\Dewe\Downloads\ch585-main\ch585-main\EVT\EXAM\BLE\LIB\libCH58xBLE.a(aes.o)
 .riscv.attributes
                0x00000000000004be       0x51 c:\Users\Dewe\Downloads\ch585-main\ch585-main\EVT\EXAM\BLE\LIB\libCH58xBLE.a(bb.o)
 .riscv.attributes
                0x000000000000050f       0x51 c:\Users\Dewe\Downloads\ch585-main\ch585-main\EVT\EXAM\BLE\LIB\libCH58xBLE.a(ip.o)
 .riscv.attributes
                0x0000000000000560       0x51 c:\Users\Dewe\Downloads\ch585-main\ch585-main\EVT\EXAM\BLE\LIB\libCH58xBLE.a(lle.o)
 .riscv.attributes
                0x00000000000005b1       0x51 c:\Users\Dewe\Downloads\ch585-main\ch585-main\EVT\EXAM\BLE\LIB\libCH58xBLE.a(rfend.o)
 .riscv.attributes
                0x0000000000000602       0x4b c:/mounriver/mounriver_studio2/resources/app/resources/win32/components/wch/toolchain/risc-v embedded gcc12/bin/../lib/gcc/riscv-wch-elf/12.2.0/../../../../riscv-wch-elf/lib/rv32imc_zba_zbb_zbc_zbs/ilp32\libprintf.a(wchprintf.o)
 .riscv.attributes
                0x000000000000064d       0x49 c:/mounriver/mounriver_studio2/resources/app/resources/win32/components/wch/toolchain/risc-v embedded gcc12/bin/../lib/gcc/riscv-wch-elf/12.2.0/rv32imc_zba_zbb_zbc_zbs/ilp32\libgcc.a(save-restore.o)
 .riscv.attributes
                0x0000000000000696       0x49 c:/mounriver/mounriver_studio2/resources/app/resources/win32/components/wch/toolchain/risc-v embedded gcc12/bin/../lib/gcc/riscv-wch-elf/12.2.0/../../../../riscv-wch-elf/lib/rv32imc_zba_zbb_zbc_zbs/ilp32\libg_nano.a(lib_a-memcpy-asm.o)
 .riscv.attributes
                0x00000000000006df       0x4b c:/mounriver/mounriver_studio2/resources/app/resources/win32/components/wch/toolchain/risc-v embedded gcc12/bin/../lib/gcc/riscv-wch-elf/12.2.0/../../../../riscv-wch-elf/lib/rv32imc_zba_zbb_zbc_zbs/ilp32\libg_nano.a(lib_a-sscanf.o)
 .riscv.attributes
                0x000000000000072a       0x4b c:/mounriver/mounriver_studio2/resources/app/resources/win32/components/wch/toolchain/risc-v embedded gcc12/bin/../lib/gcc/riscv-wch-elf/12.2.0/../../../../riscv-wch-elf/lib/rv32imc_zba_zbb_zbc_zbs/ilp32\libg_nano.a(lib_a-stdio.o)
 .riscv.attributes
                0x0000000000000775       0x4b c:/mounriver/mounriver_studio2/resources/app/resources/win32/components/wch/toolchain/risc-v embedded gcc12/bin/../lib/gcc/riscv-wch-elf/12.2.0/../../../../riscv-wch-elf/lib/rv32imc_zba_zbb_zbc_zbs/ilp32\libg_nano.a(lib_a-strcpy.o)
 .riscv.attributes
                0x00000000000007c0       0x4b c:/mounriver/mounriver_studio2/resources/app/resources/win32/components/wch/toolchain/risc-v embedded gcc12/bin/../lib/gcc/riscv-wch-elf/12.2.0/../../../../riscv-wch-elf/lib/rv32imc_zba_zbb_zbc_zbs/ilp32\libg_nano.a(lib_a-strlen.o)
 .riscv.attributes
                0x000000000000080b       0x4b c:/mounriver/mounriver_studio2/resources/app/resources/win32/components/wch/toolchain/risc-v embedded gcc12/bin/../lib/gcc/riscv-wch-elf/12.2.0/../../../../riscv-wch-elf/lib/rv32imc_zba_zbb_zbc_zbs/ilp32\libg_nano.a(lib_a-strncmp.o)
 .riscv.attributes
                0x0000000000000856       0x4b c:/mounriver/mounriver_studio2/resources/app/resources/win32/components/wch/toolchain/risc-v embedded gcc12/bin/../lib/gcc/riscv-wch-elf/12.2.0/../../../../riscv-wch-elf/lib/rv32imc_zba_zbb_zbc_zbs/ilp32\libg_nano.a(lib_a-impure.o)
 .riscv.attributes
                0x00000000000008a1       0x4b c:/mounriver/mounriver_studio2/resources/app/resources/win32/components/wch/toolchain/risc-v embedded gcc12/bin/../lib/gcc/riscv-wch-elf/12.2.0/../../../../riscv-wch-elf/lib/rv32imc_zba_zbb_zbc_zbs/ilp32\libg_nano.a(lib_a-nano-svfscanf.o)
 .riscv.attributes
                0x00000000000008ec       0x4b c:/mounriver/mounriver_studio2/resources/app/resources/win32/components/wch/toolchain/risc-v embedded gcc12/bin/../lib/gcc/riscv-wch-elf/12.2.0/../../../../riscv-wch-elf/lib/rv32imc_zba_zbb_zbc_zbs/ilp32\libg_nano.a(lib_a-nano-vfscanf_i.o)
 .riscv.attributes
                0x0000000000000937       0x4b c:/mounriver/mounriver_studio2/resources/app/resources/win32/components/wch/toolchain/risc-v embedded gcc12/bin/../lib/gcc/riscv-wch-elf/12.2.0/../../../../riscv-wch-elf/lib/rv32imc_zba_zbb_zbc_zbs/ilp32\libg_nano.a(lib_a-reent.o)
 .riscv.attributes
                0x0000000000000982       0x4b c:/mounriver/mounriver_studio2/resources/app/resources/win32/components/wch/toolchain/risc-v embedded gcc12/bin/../lib/gcc/riscv-wch-elf/12.2.0/../../../../riscv-wch-elf/lib/rv32imc_zba_zbb_zbc_zbs/ilp32\libg_nano.a(lib_a-sccl.o)
 .riscv.attributes
                0x00000000000009cd       0x4b c:/mounriver/mounriver_studio2/resources/app/resources/win32/components/wch/toolchain/risc-v embedded gcc12/bin/../lib/gcc/riscv-wch-elf/12.2.0/../../../../riscv-wch-elf/lib/rv32imc_zba_zbb_zbc_zbs/ilp32\libg_nano.a(lib_a-strtol.o)
 .riscv.attributes
                0x0000000000000a18       0x4b c:/mounriver/mounriver_studio2/resources/app/resources/win32/components/wch/toolchain/risc-v embedded gcc12/bin/../lib/gcc/riscv-wch-elf/12.2.0/../../../../riscv-wch-elf/lib/rv32imc_zba_zbb_zbc_zbs/ilp32\libg_nano.a(lib_a-strtoul.o)
 .riscv.attributes
                0x0000000000000a63       0x4b c:/mounriver/mounriver_studio2/resources/app/resources/win32/components/wch/toolchain/risc-v embedded gcc12/bin/../lib/gcc/riscv-wch-elf/12.2.0/../../../../riscv-wch-elf/lib/rv32imc_zba_zbb_zbc_zbs/ilp32\libg_nano.a(lib_a-ungetc.o)
 .riscv.attributes
                0x0000000000000aae       0x4b c:/mounriver/mounriver_studio2/resources/app/resources/win32/components/wch/toolchain/risc-v embedded gcc12/bin/../lib/gcc/riscv-wch-elf/12.2.0/../../../../riscv-wch-elf/lib/rv32imc_zba_zbb_zbc_zbs/ilp32\libg_nano.a(lib_a-ctype_.o)
 .riscv.attributes
                0x0000000000000af9       0x4b c:/mounriver/mounriver_studio2/resources/app/resources/win32/components/wch/toolchain/risc-v embedded gcc12/bin/../lib/gcc/riscv-wch-elf/12.2.0/../../../../riscv-wch-elf/lib/rv32imc_zba_zbb_zbc_zbs/ilp32\libg_nano.a(lib_a-errno.o)
 .riscv.attributes
                0x0000000000000b44       0x4b c:/mounriver/mounriver_studio2/resources/app/resources/win32/components/wch/toolchain/risc-v embedded gcc12/bin/../lib/gcc/riscv-wch-elf/12.2.0/../../../../riscv-wch-elf/lib/rv32imc_zba_zbb_zbc_zbs/ilp32\libg_nano.a(lib_a-findfp.o)
 .riscv.attributes
                0x0000000000000b8f       0x4b c:/mounriver/mounriver_studio2/resources/app/resources/win32/components/wch/toolchain/risc-v embedded gcc12/bin/../lib/gcc/riscv-wch-elf/12.2.0/../../../../riscv-wch-elf/lib/rv32imc_zba_zbb_zbc_zbs/ilp32\libg_nano.a(lib_a-lock.o)
 .riscv.attributes
                0x0000000000000bda       0x4b c:/mounriver/mounriver_studio2/resources/app/resources/win32/components/wch/toolchain/risc-v embedded gcc12/bin/../lib/gcc/riscv-wch-elf/12.2.0/../../../../riscv-wch-elf/lib/rv32imc_zba_zbb_zbc_zbs/ilp32\libg_nano.a(lib_a-memchr.o)
 .riscv.attributes
                0x0000000000000c25       0x4b c:/mounriver/mounriver_studio2/resources/app/resources/win32/components/wch/toolchain/risc-v embedded gcc12/bin/../lib/gcc/riscv-wch-elf/12.2.0/../../../../riscv-wch-elf/lib/rv32imc_zba_zbb_zbc_zbs/ilp32\libg_nano.a(lib_a-nano-freer.o)
 .riscv.attributes
                0x0000000000000c70       0x4b c:/mounriver/mounriver_studio2/resources/app/resources/win32/components/wch/toolchain/risc-v embedded gcc12/bin/../lib/gcc/riscv-wch-elf/12.2.0/../../../../riscv-wch-elf/lib/rv32imc_zba_zbb_zbc_zbs/ilp32\libg_nano.a(lib_a-nano-mallocr.o)
 .riscv.attributes
                0x0000000000000cbb       0x4b c:/mounriver/mounriver_studio2/resources/app/resources/win32/components/wch/toolchain/risc-v embedded gcc12/bin/../lib/gcc/riscv-wch-elf/12.2.0/../../../../riscv-wch-elf/lib/rv32imc_zba_zbb_zbc_zbs/ilp32\libg_nano.a(lib_a-nano-reallocr.o)
 .riscv.attributes
                0x0000000000000d06       0x4b c:/mounriver/mounriver_studio2/resources/app/resources/win32/components/wch/toolchain/risc-v embedded gcc12/bin/../lib/gcc/riscv-wch-elf/12.2.0/../../../../riscv-wch-elf/lib/rv32imc_zba_zbb_zbc_zbs/ilp32\libg_nano.a(lib_a-sbrkr.o)
 .riscv.attributes
                0x0000000000000d51       0x4b c:/mounriver/mounriver_studio2/resources/app/resources/win32/components/wch/toolchain/risc-v embedded gcc12/bin/../lib/gcc/riscv-wch-elf/12.2.0/../../../../riscv-wch-elf/lib/rv32imc_zba_zbb_zbc_zbs/ilp32\libg_nano.a(lib_a-mlock.o)
 .riscv.attributes
                0x0000000000000d9c       0x4b c:/mounriver/mounriver_studio2/resources/app/resources/win32/components/wch/toolchain/risc-v embedded gcc12/bin/../lib/gcc/riscv-wch-elf/12.2.0/../../../../riscv-wch-elf/lib/rv32imc_zba_zbb_zbc_zbs/ilp32\libg_nano.a(lib_a-nano-msizer.o)

.debug_frame    0x0000000000000000      0xa4c
 .debug_frame   0x0000000000000000       0xb4 ./User/UART.o
 .debug_frame   0x00000000000000b4       0xb0 ./User/ch585_usbhs_device.o
 .debug_frame   0x0000000000000164       0x80 ./User/main.o
 .debug_frame   0x00000000000001e4      0x1fc ./StdPeriphDriver/CH58x_clk.o
 .debug_frame   0x00000000000003e0       0x90 ./StdPeriphDriver/CH58x_gpio.o
 .debug_frame   0x0000000000000470       0x60 ./StdPeriphDriver/CH58x_pwm.o
 .debug_frame   0x00000000000004d0      0x1ac ./StdPeriphDriver/CH58x_pwr.o
 .debug_frame   0x000000000000067c      0x230 ./StdPeriphDriver/CH58x_sys.o
 .debug_frame   0x00000000000008ac      0x120 ./HAL/MCU.o
 .debug_frame   0x00000000000009cc       0x80 ./HAL/RTC.o
